=== RUN   TestFollow
--- PASS: TestFollow (0.00s)
testing: warning: no tests to run
PASS
ok  	github.com/iziang/tparse/tests	(cached) [no tests to run]
